Usage: endbasic [options] [program-file]

Options:
    -h, --help          show command-line usage information and exit
        --version       show version information and exit

Report bugs to: https://github.com/jmmv/endbasic/issues
EndBASIC home page: https://github.com/jmmv/endbasic
