EndBASIC 0.1.0
Copyright 2020 Julio Merino
License Apache Version 2.0 <http://www.apache.org/licenses/LICENSE-2.0>
