The random number is: 70

    RANDOMIZE [seed%]

    Reinitializes the pseudo-random number generator.

    If no seed is given, uses system entropy to create a new sequence of random numbers.

    WARNING: These random numbers offer no cryptographic guarantees.

Reached
