
    Welcome to EndBASIC 0.1.0.
    Type HELP for interactive usage information.

? Got 123 from stdin
ERROR: Unknown builtin FOOBAR
Continuing
End of input by CTRL-D
