
    Welcome to EndBASIC X.Y.Z.
    Type HELP for interactive usage information.

3
ERROR: Undefined variable a
10 20 30 counter is 100
counter is 101
counter is 102
ERROR: Undefined variable counter
counter is 20
counter before reset is 21
ERROR: Undefined variable counter
End of input by CTRL-D
