
    EndBASIC X.Y.Z
    Copyright YYYY-YYYY Julio Merino

    Type HELP for interactive usage information.

ERROR: 1:4: IF/ELSEIF require a boolean condition
ERROR: 1:4: IF/ELSEIF require a boolean condition
ERROR: 1:15: Cannot compare BOOLEAN and BOOLEAN with <=
ERROR: 1:7: WHILE requires a boolean condition
ERROR: 1:16: LOOP requires a boolean condition
ERROR: 1:16: LOOP requires a boolean condition
ERROR: 1:10: DO requires a boolean condition
ERROR: 1:10: DO requires a boolean condition
End of input by CTRL-D
