>>> Expression literals
TRUE
 0
 0
z
>>> Symbol references
TRUE
 0
 0
z
38:1: In call to PRINT: 38:7: Undefined variable x
>>> Logical operations
46:13: Cannot AND FALSE and 0
47:13: Cannot OR FALSE and 0
48:13: Cannot XOR FALSE and 0
49:7: Cannot apply NOT to 0.0
>>> Relational operations
57:13: Cannot compare FALSE and 0 with =
58:13: Cannot compare FALSE and 0 with <>
59:13: Cannot compare FALSE and 0 with <
60:13: Cannot compare FALSE and 0 with <=
61:13: Cannot compare FALSE and 0 with >
62:13: Cannot compare FALSE and 0 with >=
>>> Arithmetic operations
70:13: Cannot add FALSE and 0
71:13: Cannot subtract 0 from FALSE
72:13: Cannot multiply FALSE by 0
73:13: Cannot divide FALSE by 0
74:13: Cannot modulo FALSE by 0
75:13: Cannot raise FALSE to the power of 0
76:7: Cannot negate FALSE
>>> Operations and variables
 36
TRUE
84:13: Cannot add 7 and TRUE
>>> Array accesses
 0
 8
92:7: Incompatible types in x# reference
93:7: Cannot index array with 1 subscripts; need 2
94:7: Cannot index array with 1 subscripts; need 2
95:7: Subscript 10 exceeds limit of 2
96:7: Unknown function or array y$
>>> Simple function calls
 3.141592653589793
 5
 5
 5
104:7: Incompatible types in MAX$ reference
105:7: Unknown function or array UNKNOWN
>>> Calling of non-functions
