fibonacci of 10 is: 55
took 177 steps to calculate
