[2J[1;1H[?25l[1;1H[38;5;15m[48;5;0m   0 [1;7H[38;5;0m[48;5;1m   1 [1;13H[48;5;2m   2 [1;19H[48;5;3m   3 [1;25H[38;5;15m[48;5;4m   4 [1;31H[38;5;0m[48;5;5m   5 [1;37H[48;5;6m   6 [1;43H[48;5;7m   7 [1;49H[48;5;8m   8 [1;55H[48;5;9m   9 [1;61H[48;5;10m  10 [1;67H[48;5;11m  11 [1;73H[38;5;15m[48;5;12m  12 [2;1H[38;5;0m[48;5;13m  13 [2;7H[48;5;14m  14 [2;13H[48;5;15m  15 [2;19H[38;5;15m[48;5;16m  16 [2;25H[48;5;17m  17 [2;31H[48;5;18m  18 [2;37H[48;5;19m  19 [2;43H[48;5;20m  20 [2;49H[48;5;21m  21 [2;55H[38;5;0m[48;5;22m  22 [2;61H[48;5;23m  23 [2;67H[48;5;24m  24 [2;73H[48;5;25m  25 [3;1H[48;5;26m  26 [3;7H[48;5;27m  27 [3;13H[48;5;28m  28 [3;19H[48;5;29m  29 [3;25H[48;5;30m  30 [3;31H[48;5;31m  31 [3;37H[48;5;32m  32 [3;43H[48;5;33m  33 [3;49H[48;5;34m  34 [3;55H[48;5;35m  35 [3;61H[48;5;36m  36 [3;67H[48;5;37m  37 [3;73H[48;5;38m  38 [4;1H[48;5;39m  39 [4;7H[48;5;40m  40 [4;13H[48;5;41m  41 [4;19H[48;5;42m  42 [4;25H[48;5;43m  43 [4;31H[48;5;44m  44 [4;37H[48;5;45m  45 [4;43H[48;5;46m  46 [4;49H[48;5;47m  47 [4;55H[48;5;48m  48 [4;61H[48;5;49m  49 [4;67H[48;5;50m  50 [4;73H[48;5;51m  51 [5;1H[48;5;52m  52 [5;7H[48;5;53m  53 [5;13H[48;5;54m  54 [5;19H[48;5;55m  55 [5;25H[48;5;56m  56 [5;31H[48;5;57m  57 [5;37H[48;5;58m  58 [5;43H[48;5;59m  59 [5;49H[48;5;60m  60 [5;55H[48;5;61m  61 [5;61H[48;5;62m  62 [5;67H[48;5;63m  63 [5;73H[48;5;64m  64 [6;1H[48;5;65m  65 [6;7H[48;5;66m  66 [6;13H[48;5;67m  67 [6;19H[48;5;68m  68 [6;25H[48;5;69m  69 [6;31H[48;5;70m  70 [6;37H[48;5;71m  71 [6;43H[48;5;72m  72 [6;49H[48;5;73m  73 [6;55H[48;5;74m  74 [6;61H[48;5;75m  75 [6;67H[48;5;76m  76 [6;73H[48;5;77m  77 [7;1H[48;5;78m  78 [7;7H[48;5;79m  79 [7;13H[48;5;80m  80 [7;19H[48;5;81m  81 [7;25H[48;5;82m  82 [7;31H[48;5;83m  83 [7;37H[48;5;84m  84 [7;43H[48;5;85m  85 [7;49H[48;5;86m  86 [7;55H[48;5;87m  87 [7;61H[48;5;88m  88 [7;67H[48;5;89m  89 [7;73H[48;5;90m  90 [8;1H[48;5;91m  91 [8;7H[48;5;92m  92 [8;13H[48;5;93m  93 [8;19H[48;5;94m  94 [8;25H[48;5;95m  95 [8;31H[48;5;96m  96 [8;37H[48;5;97m  97 [8;43H[48;5;98m  98 [8;49H[48;5;99m  99 [8;55H[48;5;100m 100 [8;61H[48;5;101m 101 [8;67H[48;5;102m 102 [8;73H[48;5;103m 103 [9;1H[48;5;104m 104 [9;7H[48;5;105m 105 [9;13H[48;5;106m 106 [9;19H[48;5;107m 107 [9;25H[48;5;108m 108 [9;31H[48;5;109m 109 [9;37H[48;5;110m 110 [9;43H[48;5;111m 111 [9;49H[48;5;112m 112 [9;55H[48;5;113m 113 [9;61H[48;5;114m 114 [9;67H[48;5;115m 115 [9;73H[48;5;116m 116 [10;1H[48;5;117m 117 [10;7H[48;5;118m 118 [10;13H[48;5;119m 119 [10;19H[48;5;120m 120 [10;25H[48;5;121m 121 [10;31H[48;5;122m 122 [10;37H[48;5;123m 123 [10;43H[48;5;124m 124 [10;49H[48;5;125m 125 [10;55H[48;5;126m 126 [10;61H[48;5;127m 127 [10;67H[48;5;128m 128 [10;73H[48;5;129m 129 [11;1H[48;5;130m 130 [11;7H[48;5;131m 131 [11;13H[48;5;132m 132 [11;19H[48;5;133m 133 [11;25H[48;5;134m 134 [11;31H[48;5;135m 135 [11;37H[48;5;136m 136 [11;43H[48;5;137m 137 [11;49H[48;5;138m 138 [11;55H[48;5;139m 139 [11;61H[48;5;140m 140 [11;67H[48;5;141m 141 [11;73H[48;5;142m 142 [12;1H[48;5;143m 143 [12;7H[48;5;144m 144 [12;13H[48;5;145m 145 [12;19H[48;5;146m 146 [12;25H[48;5;147m 147 [12;31H[48;5;148m 148 [12;37H[48;5;149m 149 [12;43H[48;5;150m 150 [12;49H[48;5;151m 151 [12;55H[48;5;152m 152 [12;61H[48;5;153m 153 [12;67H[48;5;154m 154 [12;73H[48;5;155m 155 [13;1H[48;5;156m 156 [13;7H[48;5;157m 157 [13;13H[48;5;158m 158 [13;19H[48;5;159m 159 [13;25H[48;5;160m 160 [13;31H[48;5;161m 161 [13;37H[48;5;162m 162 [13;43H[48;5;163m 163 [13;49H[48;5;164m 164 [13;55H[48;5;165m 165 [13;61H[48;5;166m 166 [13;67H[48;5;167m 167 [13;73H[48;5;168m 168 [14;1H[48;5;169m 169 [14;7H[48;5;170m 170 [14;13H[48;5;171m 171 [14;19H[48;5;172m 172 [14;25H[48;5;173m 173 [14;31H[48;5;174m 174 [14;37H[48;5;175m 175 [14;43H[48;5;176m 176 [14;49H[48;5;177m 177 [14;55H[48;5;178m 178 [14;61H[48;5;179m 179 [14;67H[48;5;180m 180 [14;73H[48;5;181m 181 [15;1H[48;5;182m 182 [15;7H[48;5;183m 183 [15;13H[48;5;184m 184 [15;19H[48;5;185m 185 [15;25H[48;5;186m 186 [15;31H[48;5;187m 187 [15;37H[48;5;188m 188 [15;43H[48;5;189m 189 [15;49H[48;5;190m 190 [15;55H[48;5;191m 191 [15;61H[48;5;192m 192 [15;67H[48;5;193m 193 [15;73H[48;5;194m 194 [16;1H[48;5;195m 195 [16;7H[48;5;196m 196 [16;13H[48;5;197m 197 [16;19H[48;5;198m 198 [16;25H[48;5;199m 199 [16;31H[48;5;200m 200 [16;37H[48;5;201m 201 [16;43H[48;5;202m 202 [16;49H[48;5;203m 203 [16;55H[48;5;204m 204 [16;61H[48;5;205m 205 [16;67H[48;5;206m 206 [16;73H[48;5;207m 207 [17;1H[48;5;208m 208 [17;7H[48;5;209m 209 [17;13H[48;5;210m 210 [17;19H[48;5;211m 211 [17;25H[48;5;212m 212 [17;31H[48;5;213m 213 [17;37H[48;5;214m 214 [17;43H[48;5;215m 215 [17;49H[48;5;216m 216 [17;55H[48;5;217m 217 [17;61H[48;5;218m 218 [17;67H[48;5;219m 219 [17;73H[48;5;220m 220 [18;1H[48;5;221m 221 [18;7H[48;5;222m 222 [18;13H[48;5;223m 223 [18;19H[48;5;224m 224 [18;25H[48;5;225m 225 [18;31H[48;5;226m 226 [18;37H[48;5;227m 227 [18;43H[48;5;228m 228 [18;49H[48;5;229m 229 [18;55H[48;5;230m 230 [18;61H[48;5;231m 231 [18;67H[38;5;15m[48;5;232m 232 [18;73H[48;5;233m 233 [19;1H[48;5;234m 234 [19;7H[48;5;235m 235 [19;13H[48;5;236m 236 [19;19H[48;5;237m 237 [19;25H[48;5;238m 238 [19;31H[48;5;239m 239 [19;37H[38;5;0m[48;5;240m 240 [19;43H[48;5;241m 241 [19;49H[48;5;242m 242 [19;55H[48;5;243m 243 [19;61H[48;5;244m 244 [19;67H[48;5;245m 245 [19;73H[48;5;246m 246 [20;1H[48;5;247m 247 [20;7H[48;5;248m 248 [20;13H[48;5;249m 249 [20;19H[48;5;250m 250 [20;25H[48;5;251m 251 [20;31H[48;5;252m 252 [20;37H[48;5;253m 253 [20;43H[48;5;254m 254 [20;49H[48;5;255m 255 [?25h[39m[49m
