
    EndBASIC X.Y.Z
    Copyright YYYY-YYYY Julio Merino

    Type HELP for interactive usage information.

Loading AUTOEXEC.BAS...
I am within AUTOEXEC.BAS!
Hello, world!
End of input by CTRL-D
