
    Welcome to EndBASIC X.Y.Z.

    Type HELP for interactive usage information.
    For a guided tour, type: LOAD "DEMOS:/TOUR.BAS": RUN

