
    EndBASIC X.Y.Z
    Copyright YYYY-YYYY Julio Merino

    Type HELP for interactive usage information.

[?1049h[?25l[38;5;15m[2J[1;1H[24;1H[48;5;4m ESC Exit                                             | <NO NAME> | Ln 1, Col 1 [49m[1;1H
[1;1H[?25hP[?25l[24;1H[48;5;4m ESC Exit                                            | <NO NAME>* | Ln 1, Col 2 [49m[1;2H[?25hR[?25l[24;1H[48;5;4m ESC Exit                                            | <NO NAME>* | Ln 1, Col 3 [49m[1;3H[?25hI[?25l[24;1H[48;5;4m ESC Exit                                            | <NO NAME>* | Ln 1, Col 4 [49m[1;4H[?25hN[?25l[24;1H[48;5;4m ESC Exit                                            | <NO NAME>* | Ln 1, Col 5 [49m[1;5H[?25hT[?25l[24;1H[48;5;4m ESC Exit                                            | <NO NAME>* | Ln 1, Col 6 [49m[1;6H[?25h [?25l[24;1H[48;5;4m ESC Exit                                            | <NO NAME>* | Ln 1, Col 7 [49m[1;7H[?25h"[?25l[24;1H[48;5;4m ESC Exit                                            | <NO NAME>* | Ln 1, Col 8 [49m[1;8H[?25hS[?25l[24;1H[48;5;4m ESC Exit                                            | <NO NAME>* | Ln 1, Col 9 [49m[1;9H[?25ht[?25l[24;1H[48;5;4m ESC Exit                                           | <NO NAME>* | Ln 1, Col 10 [49m[1;10H[?25hi[?25l[24;1H[48;5;4m ESC Exit                                           | <NO NAME>* | Ln 1, Col 11 [49m[1;11H[?25hl[?25l[24;1H[48;5;4m ESC Exit                                           | <NO NAME>* | Ln 1, Col 12 [49m[1;12H[?25hl[?25l[24;1H[48;5;4m ESC Exit                                           | <NO NAME>* | Ln 1, Col 13 [49m[1;13H[?25h [?25l[24;1H[48;5;4m ESC Exit                                           | <NO NAME>* | Ln 1, Col 14 [49m[1;14H[?25hh[?25l[24;1H[48;5;4m ESC Exit                                           | <NO NAME>* | Ln 1, Col 15 [49m[1;15H[?25he[?25l[24;1H[48;5;4m ESC Exit                                           | <NO NAME>* | Ln 1, Col 16 [49m[1;16H[?25hr[?25l[24;1H[48;5;4m ESC Exit                                           | <NO NAME>* | Ln 1, Col 17 [49m[1;17H[?25he[?25l[24;1H[48;5;4m ESC Exit                                           | <NO NAME>* | Ln 1, Col 18 [49m[1;18H[?25h![?25l[24;1H[48;5;4m ESC Exit                                           | <NO NAME>* | Ln 1, Col 19 [49m[1;19H[?25h"[?25l[24;1H[48;5;4m ESC Exit                                           | <NO NAME>* | Ln 1, Col 20 [49m[1;20H[?25h[?25l[24;1H[48;5;4m ESC Exit                                            | <NO NAME>* | Ln 2, Col 1 [49m[2;1H[?25h[?1049lCurrent program has unsaved changes and has never been saved!
Exit aborted; resuming REPL loop.
[39mStill here!
Current program has unsaved changes and has never been saved!
Exit aborted; resuming REPL loop.
Still here!
Saved as LOCAL:test.bas
