
    Welcome to EndBASIC X.Y.Z.

    Type HELP for interactive usage information.
    Type LOAD "DEMO:TOUR.BAS": RUN for a guided tour.

Got 123 from stdin
ERROR: Unknown builtin FOOBAR
Continuing
End of input by CTRL-D
