
    EndBASIC X.Y.Z
    Copyright YYYY-YYYY Julio Merino

    Type HELP for interactive usage information.

Running loaded hello.bas
Hello, world!
Saved as LOCAL:hello2.bas
Saved as hello2.bas
Running empty program after NEW
Running loaded hello2.bas
Hello, world!
End of input by CTRL-D
