foo_value is 123
enable_bar is true
enable_baz is not set
