Retry input: Invalid boolean literal 5
Retry input: Invalid boolean literal foo
