Usage: endbasic [options] [program-file]

Options:
    -h, --help          show command-line usage information and exit
    -i, --interactive   force interactive mode when running a script
        --local-drive URI
                        location of the drive to mount as LOCAL
        --version       show version information and exit

Report bugs to: https://github.com/endbasic/endbasic/issues
EndBASIC home page: https://github.com/endbasic/endbasic
