Mounting cloud://endbasic as AUTORUN...
Loading AUTORUN:/welcome.bas...
Starting...

Welcome to the EndBASIC service!

**** Program exited due to EOF ****
