EndBASIC X.Y.Z
Copyright 2020-2021 Julio Merino
License Apache Version 2.0 <http://www.apache.org/licenses/LICENSE-2.0>
